Copyright 1986-2022 Xilinx, Inc. All Rights Reserved. Copyright 2022-2024 Advanced Micro Devices, Inc. All Rights Reserved.
---------------------------------------------------------------------------------------------------------------------------------------------------------------------------------------------------------------------------------------------------------------------
| Tool Version : Vivado v.2024.1.2 (win64) Build 5164865 Thu Sep  5 14:37:11 MDT 2024
| Date         : Thu May 28 01:26:06 2026
| Host         : LAPTOP-U5OJM2UT running 64-bit major release  (build 9200)
| Command      : report_timing_summary -max_paths 10 -report_unconstrained -file smart_traffic_controller_timing_summary_routed.rpt -pb smart_traffic_controller_timing_summary_routed.pb -rpx smart_traffic_controller_timing_summary_routed.rpx -warn_on_violation
| Design       : smart_traffic_controller
| Device       : 7a35t-cpg236
| Speed File   : -1  PRODUCTION 1.23 2018-06-13
| Design State : Routed
---------------------------------------------------------------------------------------------------------------------------------------------------------------------------------------------------------------------------------------------------------------------

Timing Summary Report

------------------------------------------------------------------------------------------------
| Timer Settings
| --------------
------------------------------------------------------------------------------------------------

  Enable Multi Corner Analysis               :  Yes
  Enable Pessimism Removal                   :  Yes
  Pessimism Removal Resolution               :  Nearest Common Node
  Enable Input Delay Default Clock           :  No
  Enable Preset / Clear Arcs                 :  No
  Disable Flight Delays                      :  No
  Ignore I/O Paths                           :  No
  Timing Early Launch at Borrowing Latches   :  No
  Borrow Time for Max Delay Exceptions       :  Yes
  Merge Timing Exceptions                    :  Yes
  Inter-SLR Compensation                     :  Conservative

  Corner  Analyze    Analyze    
  Name    Max Paths  Min Paths  
  ------  ---------  ---------  
  Slow    Yes        Yes        
  Fast    Yes        Yes        


------------------------------------------------------------------------------------------------
| Report Methodology
| ------------------
------------------------------------------------------------------------------------------------

Rule       Severity          Description                  Violations  
---------  ----------------  ---------------------------  ----------  
TIMING-17  Critical Warning  Non-clocked sequential cell  6           

Note: This report is based on the most recent report_methodology run and may not be up-to-date. Run report_methodology on the current design for the latest report.



check_timing report

Table of Contents
-----------------
1. checking no_clock (6)
2. checking constant_clock (0)
3. checking pulse_width_clock (0)
4. checking unconstrained_internal_endpoints (12)
5. checking no_input_delay (5)
6. checking no_output_delay (6)
7. checking multiple_clock (0)
8. checking generated_clocks (0)
9. checking loops (0)
10. checking partial_input_delay (0)
11. checking partial_output_delay (0)
12. checking latch_loops (0)

1. checking no_clock (6)
------------------------
 There are 6 register/latch pins with no clock driven by root clock pin: clk (HIGH)


2. checking constant_clock (0)
------------------------------
 There are 0 register/latch pins with constant_clock.


3. checking pulse_width_clock (0)
---------------------------------
 There are 0 register/latch pins which need pulse_width check


4. checking unconstrained_internal_endpoints (12)
-------------------------------------------------
 There are 12 pins that are not constrained for maximum delay. (HIGH)

 There are 0 pins that are not constrained for maximum delay due to constant clock.


5. checking no_input_delay (5)
------------------------------
 There are 5 input ports with no input delay specified. (HIGH)

 There are 0 input ports with no input delay but user has a false path constraint.


6. checking no_output_delay (6)
-------------------------------
 There are 6 ports with no output delay specified. (HIGH)

 There are 0 ports with no output delay but user has a false path constraint

 There are 0 ports with no output delay but with a timing clock defined on it or propagating through it


7. checking multiple_clock (0)
------------------------------
 There are 0 register/latch pins with multiple clocks.


8. checking generated_clocks (0)
--------------------------------
 There are 0 generated clocks that are not connected to a clock source.


9. checking loops (0)
---------------------
 There are 0 combinational loops in the design.


10. checking partial_input_delay (0)
------------------------------------
 There are 0 input ports with partial input delay specified.


11. checking partial_output_delay (0)
-------------------------------------
 There are 0 ports with partial output delay specified.


12. checking latch_loops (0)
----------------------------
 There are 0 combinational latch loops in the design through latch input



------------------------------------------------------------------------------------------------
| Design Timing Summary
| ---------------------
------------------------------------------------------------------------------------------------

    WNS(ns)      TNS(ns)  TNS Failing Endpoints  TNS Total Endpoints      WHS(ns)      THS(ns)  THS Failing Endpoints  THS Total Endpoints     WPWS(ns)     TPWS(ns)  TPWS Failing Endpoints  TPWS Total Endpoints  
    -------      -------  ---------------------  -------------------      -------      -------  ---------------------  -------------------     --------     --------  ----------------------  --------------------  
        inf        0.000                      0                   18          inf        0.000                      0                   18           NA           NA                      NA                    NA  


There are no user specified timing constraints.


------------------------------------------------------------------------------------------------
| Clock Summary
| -------------
------------------------------------------------------------------------------------------------


------------------------------------------------------------------------------------------------
| Intra Clock Table
| -----------------
------------------------------------------------------------------------------------------------

Clock             WNS(ns)      TNS(ns)  TNS Failing Endpoints  TNS Total Endpoints      WHS(ns)      THS(ns)  THS Failing Endpoints  THS Total Endpoints     WPWS(ns)     TPWS(ns)  TPWS Failing Endpoints  TPWS Total Endpoints  
-----             -------      -------  ---------------------  -------------------      -------      -------  ---------------------  -------------------     --------     --------  ----------------------  --------------------  


------------------------------------------------------------------------------------------------
| Inter Clock Table
| -----------------
------------------------------------------------------------------------------------------------

From Clock    To Clock          WNS(ns)      TNS(ns)  TNS Failing Endpoints  TNS Total Endpoints      WHS(ns)      THS(ns)  THS Failing Endpoints  THS Total Endpoints  
----------    --------          -------      -------  ---------------------  -------------------      -------      -------  ---------------------  -------------------  


------------------------------------------------------------------------------------------------
| Other Path Groups Table
| -----------------------
------------------------------------------------------------------------------------------------

Path Group    From Clock    To Clock          WNS(ns)      TNS(ns)  TNS Failing Endpoints  TNS Total Endpoints      WHS(ns)      THS(ns)  THS Failing Endpoints  THS Total Endpoints  
----------    ----------    --------          -------      -------  ---------------------  -------------------      -------      -------  ---------------------  -------------------  


------------------------------------------------------------------------------------------------
| User Ignored Path Table
| -----------------------
------------------------------------------------------------------------------------------------

Path Group    From Clock    To Clock    
----------    ----------    --------    


------------------------------------------------------------------------------------------------
| Unconstrained Path Table
| ------------------------
------------------------------------------------------------------------------------------------

Path Group    From Clock    To Clock    
----------    ----------    --------    
(none)                                    


------------------------------------------------------------------------------------------------
| Timing Details
| --------------
------------------------------------------------------------------------------------------------


--------------------------------------------------------------------------------------
Path Group:  (none)
From Clock:  
  To Clock:  

Max Delay            18 Endpoints
Min Delay            18 Endpoints
--------------------------------------------------------------------------------------


Max Delay Paths
--------------------------------------------------------------------------------------
Slack:                    inf
  Source:                 FSM_sequential_state_reg[1]/C
                            (rising edge-triggered cell FDCE)
  Destination:            highway_light[0]
                            (output port)
  Path Group:             (none)
  Path Type:              Max at Slow Process Corner
  Data Path Delay:        5.788ns  (logic 3.406ns (58.833%)  route 2.383ns (41.167%))
  Logic Levels:           3  (FDCE=1 LUT2=1 OBUF=1)

    Location             Delay type                Incr(ns)  Path(ns)    Netlist Resource(s)
  -------------------------------------------------------------------    -------------------
    SLICE_X0Y6           FDCE                         0.000     0.000 r  FSM_sequential_state_reg[1]/C
    SLICE_X0Y6           FDCE (Prop_fdce_C_Q)         0.456     0.456 f  FSM_sequential_state_reg[1]/Q
                         net (fo=10, routed)          0.712     1.168    highway_light_OBUF[2]
    SLICE_X0Y5           LUT2 (Prop_lut2_I0_O)        0.150     1.318 r  highway_light_OBUF[0]_inst_i_1/O
                         net (fo=1, routed)           1.671     2.989    highway_light_OBUF[0]
    W14                  OBUF (Prop_obuf_I_O)         2.800     5.788 r  highway_light_OBUF[0]_inst/O
                         net (fo=0)                   0.000     5.788    highway_light[0]
    W14                                                               r  highway_light[0] (OUT)
  -------------------------------------------------------------------    -------------------

Slack:                    inf
  Source:                 FSM_sequential_state_reg[1]/C
                            (rising edge-triggered cell FDCE)
  Destination:            highway_light[1]
                            (output port)
  Path Group:             (none)
  Path Type:              Max at Slow Process Corner
  Data Path Delay:        5.639ns  (logic 3.423ns (60.698%)  route 2.216ns (39.302%))
  Logic Levels:           3  (FDCE=1 LUT2=1 OBUF=1)

    Location             Delay type                Incr(ns)  Path(ns)    Netlist Resource(s)
  -------------------------------------------------------------------    -------------------
    SLICE_X0Y6           FDCE                         0.000     0.000 r  FSM_sequential_state_reg[1]/C
    SLICE_X0Y6           FDCE (Prop_fdce_C_Q)         0.456     0.456 f  FSM_sequential_state_reg[1]/Q
                         net (fo=10, routed)          0.537     0.993    highway_light_OBUF[2]
    SLICE_X0Y6           LUT2 (Prop_lut2_I1_O)        0.152     1.145 r  highway_light_OBUF[1]_inst_i_1/O
                         net (fo=1, routed)           1.679     2.824    highway_light_OBUF[1]
    W13                  OBUF (Prop_obuf_I_O)         2.815     5.639 r  highway_light_OBUF[1]_inst/O
                         net (fo=0)                   0.000     5.639    highway_light[1]
    W13                                                               r  highway_light[1] (OUT)
  -------------------------------------------------------------------    -------------------

Slack:                    inf
  Source:                 FSM_sequential_state_reg[1]/C
                            (rising edge-triggered cell FDCE)
  Destination:            side_light[0]
                            (output port)
  Path Group:             (none)
  Path Type:              Max at Slow Process Corner
  Data Path Delay:        5.629ns  (logic 3.194ns (56.742%)  route 2.435ns (43.258%))
  Logic Levels:           3  (FDCE=1 LUT2=1 OBUF=1)

    Location             Delay type                Incr(ns)  Path(ns)    Netlist Resource(s)
  -------------------------------------------------------------------    -------------------
    SLICE_X0Y6           FDCE                         0.000     0.000 r  FSM_sequential_state_reg[1]/C
    SLICE_X0Y6           FDCE (Prop_fdce_C_Q)         0.456     0.456 r  FSM_sequential_state_reg[1]/Q
                         net (fo=10, routed)          0.712     1.168    highway_light_OBUF[2]
    SLICE_X0Y5           LUT2 (Prop_lut2_I0_O)        0.124     1.292 r  side_light_OBUF[0]_inst_i_1/O
                         net (fo=4, routed)           1.723     3.015    side_light_OBUF[0]
    V15                  OBUF (Prop_obuf_I_O)         2.614     5.629 r  side_light_OBUF[0]_inst/O
                         net (fo=0)                   0.000     5.629    side_light[0]
    V15                                                               r  side_light[0] (OUT)
  -------------------------------------------------------------------    -------------------

Slack:                    inf
  Source:                 FSM_sequential_state_reg[1]/C
                            (rising edge-triggered cell FDCE)
  Destination:            side_light[2]
                            (output port)
  Path Group:             (none)
  Path Type:              Max at Slow Process Corner
  Data Path Delay:        5.592ns  (logic 3.192ns (57.075%)  route 2.400ns (42.925%))
  Logic Levels:           3  (FDCE=1 LUT1=1 OBUF=1)

    Location             Delay type                Incr(ns)  Path(ns)    Netlist Resource(s)
  -------------------------------------------------------------------    -------------------
    SLICE_X0Y6           FDCE                         0.000     0.000 r  FSM_sequential_state_reg[1]/C
    SLICE_X0Y6           FDCE (Prop_fdce_C_Q)         0.456     0.456 f  FSM_sequential_state_reg[1]/Q
                         net (fo=10, routed)          0.537     0.993    highway_light_OBUF[2]
    SLICE_X0Y6           LUT1 (Prop_lut1_I0_O)        0.124     1.117 r  side_light_OBUF[2]_inst_i_1/O
                         net (fo=1, routed)           1.863     2.980    side_light_OBUF[2]
    W16                  OBUF (Prop_obuf_I_O)         2.612     5.592 r  side_light_OBUF[2]_inst/O
                         net (fo=0)                   0.000     5.592    side_light[2]
    W16                                                               r  side_light[2] (OUT)
  -------------------------------------------------------------------    -------------------

Slack:                    inf
  Source:                 FSM_sequential_state_reg[1]/C
                            (rising edge-triggered cell FDCE)
  Destination:            side_light[1]
                            (output port)
  Path Group:             (none)
  Path Type:              Max at Slow Process Corner
  Data Path Delay:        5.433ns  (logic 3.176ns (58.464%)  route 2.257ns (41.536%))
  Logic Levels:           3  (FDCE=1 LUT2=1 OBUF=1)

    Location             Delay type                Incr(ns)  Path(ns)    Netlist Resource(s)
  -------------------------------------------------------------------    -------------------
    SLICE_X0Y6           FDCE                         0.000     0.000 r  FSM_sequential_state_reg[1]/C
    SLICE_X0Y6           FDCE (Prop_fdce_C_Q)         0.456     0.456 r  FSM_sequential_state_reg[1]/Q
                         net (fo=10, routed)          0.545     1.001    highway_light_OBUF[2]
    SLICE_X0Y6           LUT2 (Prop_lut2_I0_O)        0.124     1.125 r  side_light_OBUF[1]_inst_i_1/O
                         net (fo=1, routed)           1.712     2.837    side_light_OBUF[1]
    W17                  OBUF (Prop_obuf_I_O)         2.596     5.433 r  side_light_OBUF[1]_inst/O
                         net (fo=0)                   0.000     5.433    side_light[1]
    W17                                                               r  side_light[1] (OUT)
  -------------------------------------------------------------------    -------------------

Slack:                    inf
  Source:                 FSM_sequential_state_reg[1]/C
                            (rising edge-triggered cell FDCE)
  Destination:            highway_light[2]
                            (output port)
  Path Group:             (none)
  Path Type:              Max at Slow Process Corner
  Data Path Delay:        4.761ns  (logic 3.055ns (64.159%)  route 1.706ns (35.841%))
  Logic Levels:           2  (FDCE=1 OBUF=1)

    Location             Delay type                Incr(ns)  Path(ns)    Netlist Resource(s)
  -------------------------------------------------------------------    -------------------
    SLICE_X0Y6           FDCE                         0.000     0.000 r  FSM_sequential_state_reg[1]/C
    SLICE_X0Y6           FDCE (Prop_fdce_C_Q)         0.456     0.456 r  FSM_sequential_state_reg[1]/Q
                         net (fo=10, routed)          1.706     2.162    highway_light_OBUF[2]
    W15                  OBUF (Prop_obuf_I_O)         2.599     4.761 r  highway_light_OBUF[2]_inst/O
                         net (fo=0)                   0.000     4.761    highway_light[2]
    W15                                                               r  highway_light[2] (OUT)
  -------------------------------------------------------------------    -------------------

Slack:                    inf
  Source:                 highway_density[0]
                            (input port)
  Destination:            timer_reg[1]/D
  Path Group:             (none)
  Path Type:              Max at Slow Process Corner
  Data Path Delay:        3.507ns  (logic 1.184ns (33.772%)  route 2.323ns (66.228%))
  Logic Levels:           3  (IBUF=1 LUT6=2)

    Location             Delay type                Incr(ns)  Path(ns)    Netlist Resource(s)
  -------------------------------------------------------------------    -------------------
    U14                                               0.000     0.000 f  highway_density[0] (IN)
                         net (fo=0)                   0.000     0.000    highway_density[0]
    U14                  IBUF (Prop_ibuf_I_O)         0.936     0.936 f  highway_density_IBUF[0]_inst/O
                         net (fo=1, routed)           1.418     2.354    highway_density_IBUF[0]
    SLICE_X0Y5           LUT6 (Prop_lut6_I0_O)        0.124     2.478 r  FSM_sequential_state[0]_i_3/O
                         net (fo=5, routed)           0.905     3.383    FSM_sequential_state[0]_i_3_n_0
    SLICE_X0Y6           LUT6 (Prop_lut6_I1_O)        0.124     3.507 r  timer[1]_i_1/O
                         net (fo=1, routed)           0.000     3.507    timer[1]
    SLICE_X0Y6           FDCE                                         r  timer_reg[1]/D
  -------------------------------------------------------------------    -------------------

Slack:                    inf
  Source:                 highway_density[0]
                            (input port)
  Destination:            timer_reg[2]/D
  Path Group:             (none)
  Path Type:              Max at Slow Process Corner
  Data Path Delay:        3.504ns  (logic 1.184ns (33.798%)  route 2.320ns (66.202%))
  Logic Levels:           3  (IBUF=1 LUT6=2)

    Location             Delay type                Incr(ns)  Path(ns)    Netlist Resource(s)
  -------------------------------------------------------------------    -------------------
    U14                                               0.000     0.000 f  highway_density[0] (IN)
                         net (fo=0)                   0.000     0.000    highway_density[0]
    U14                  IBUF (Prop_ibuf_I_O)         0.936     0.936 f  highway_density_IBUF[0]_inst/O
                         net (fo=1, routed)           1.418     2.354    highway_density_IBUF[0]
    SLICE_X0Y5           LUT6 (Prop_lut6_I0_O)        0.124     2.478 r  FSM_sequential_state[0]_i_3/O
                         net (fo=5, routed)           0.902     3.380    FSM_sequential_state[0]_i_3_n_0
    SLICE_X1Y5           LUT6 (Prop_lut6_I3_O)        0.124     3.504 r  timer[2]_i_1/O
                         net (fo=1, routed)           0.000     3.504    timer[2]
    SLICE_X1Y5           FDCE                                         r  timer_reg[2]/D
  -------------------------------------------------------------------    -------------------

Slack:                    inf
  Source:                 highway_density[0]
                            (input port)
  Destination:            FSM_sequential_state_reg[0]/D
  Path Group:             (none)
  Path Type:              Max at Slow Process Corner
  Data Path Delay:        3.502ns  (logic 1.184ns (33.817%)  route 2.318ns (66.183%))
  Logic Levels:           3  (IBUF=1 LUT6=2)

    Location             Delay type                Incr(ns)  Path(ns)    Netlist Resource(s)
  -------------------------------------------------------------------    -------------------
    U14                                               0.000     0.000 r  highway_density[0] (IN)
                         net (fo=0)                   0.000     0.000    highway_density[0]
    U14                  IBUF (Prop_ibuf_I_O)         0.936     0.936 r  highway_density_IBUF[0]_inst/O
                         net (fo=1, routed)           1.418     2.354    highway_density_IBUF[0]
    SLICE_X0Y5           LUT6 (Prop_lut6_I0_O)        0.124     2.478 f  FSM_sequential_state[0]_i_3/O
                         net (fo=5, routed)           0.900     3.378    FSM_sequential_state[0]_i_3_n_0
    SLICE_X1Y5           LUT6 (Prop_lut6_I1_O)        0.124     3.502 r  FSM_sequential_state[0]_i_1/O
                         net (fo=1, routed)           0.000     3.502    FSM_sequential_state[0]_i_1_n_0
    SLICE_X1Y5           FDCE                                         r  FSM_sequential_state_reg[0]/D
  -------------------------------------------------------------------    -------------------

Slack:                    inf
  Source:                 side_density[0]
                            (input port)
  Destination:            timer_reg[3]/D
  Path Group:             (none)
  Path Type:              Max at Slow Process Corner
  Data Path Delay:        3.439ns  (logic 1.182ns (34.373%)  route 2.257ns (65.627%))
  Logic Levels:           3  (IBUF=1 LUT6=2)

    Location             Delay type                Incr(ns)  Path(ns)    Netlist Resource(s)
  -------------------------------------------------------------------    -------------------
    V13                                               0.000     0.000 f  side_density[0] (IN)
                         net (fo=0)                   0.000     0.000    side_density[0]
    V13                  IBUF (Prop_ibuf_I_O)         0.934     0.934 f  side_density_IBUF[0]_inst/O
                         net (fo=1, routed)           1.419     2.353    side_density_IBUF[0]
    SLICE_X0Y5           LUT6 (Prop_lut6_I1_O)        0.124     2.477 f  FSM_sequential_state[0]_i_4/O
                         net (fo=5, routed)           0.838     3.315    FSM_sequential_state[0]_i_4_n_0
    SLICE_X1Y5           LUT6 (Prop_lut6_I3_O)        0.124     3.439 r  timer[3]_i_1/O
                         net (fo=1, routed)           0.000     3.439    timer[3]
    SLICE_X1Y5           FDCE                                         r  timer_reg[3]/D
  -------------------------------------------------------------------    -------------------





Min Delay Paths
--------------------------------------------------------------------------------------
Slack:                    inf
  Source:                 timer_reg[0]/C
                            (rising edge-triggered cell FDCE)
  Destination:            timer_reg[0]/D
  Path Group:             (none)
  Path Type:              Min at Fast Process Corner
  Data Path Delay:        0.314ns  (logic 0.186ns (59.158%)  route 0.128ns (40.842%))
  Logic Levels:           2  (FDCE=1 LUT6=1)

    Location             Delay type                Incr(ns)  Path(ns)    Netlist Resource(s)
  -------------------------------------------------------------------    -------------------
    SLICE_X1Y6           FDCE                         0.000     0.000 r  timer_reg[0]/C
    SLICE_X1Y6           FDCE (Prop_fdce_C_Q)         0.141     0.141 f  timer_reg[0]/Q
                         net (fo=6, routed)           0.128     0.269    timer__0[0]
    SLICE_X1Y6           LUT6 (Prop_lut6_I0_O)        0.045     0.314 r  timer[0]_i_1/O
                         net (fo=1, routed)           0.000     0.314    timer[0]_i_1_n_0
    SLICE_X1Y6           FDCE                                         r  timer_reg[0]/D
  -------------------------------------------------------------------    -------------------

Slack:                    inf
  Source:                 FSM_sequential_state_reg[1]/C
                            (rising edge-triggered cell FDCE)
  Destination:            FSM_sequential_state_reg[0]/D
  Path Group:             (none)
  Path Type:              Min at Fast Process Corner
  Data Path Delay:        0.387ns  (logic 0.186ns (48.050%)  route 0.201ns (51.950%))
  Logic Levels:           2  (FDCE=1 LUT6=1)

    Location             Delay type                Incr(ns)  Path(ns)    Netlist Resource(s)
  -------------------------------------------------------------------    -------------------
    SLICE_X0Y6           FDCE                         0.000     0.000 r  FSM_sequential_state_reg[1]/C
    SLICE_X0Y6           FDCE (Prop_fdce_C_Q)         0.141     0.141 r  FSM_sequential_state_reg[1]/Q
                         net (fo=10, routed)          0.201     0.342    highway_light_OBUF[2]
    SLICE_X1Y5           LUT6 (Prop_lut6_I3_O)        0.045     0.387 r  FSM_sequential_state[0]_i_1/O
                         net (fo=1, routed)           0.000     0.387    FSM_sequential_state[0]_i_1_n_0
    SLICE_X1Y5           FDCE                                         r  FSM_sequential_state_reg[0]/D
  -------------------------------------------------------------------    -------------------

Slack:                    inf
  Source:                 FSM_sequential_state_reg[0]/C
                            (rising edge-triggered cell FDCE)
  Destination:            timer_reg[2]/D
  Path Group:             (none)
  Path Type:              Min at Fast Process Corner
  Data Path Delay:        0.390ns  (logic 0.186ns (47.747%)  route 0.204ns (52.253%))
  Logic Levels:           2  (FDCE=1 LUT6=1)

    Location             Delay type                Incr(ns)  Path(ns)    Netlist Resource(s)
  -------------------------------------------------------------------    -------------------
    SLICE_X1Y5           FDCE                         0.000     0.000 r  FSM_sequential_state_reg[0]/C
    SLICE_X1Y5           FDCE (Prop_fdce_C_Q)         0.141     0.141 f  FSM_sequential_state_reg[0]/Q
                         net (fo=9, routed)           0.204     0.345    state[0]
    SLICE_X1Y5           LUT6 (Prop_lut6_I0_O)        0.045     0.390 r  timer[2]_i_1/O
                         net (fo=1, routed)           0.000     0.390    timer[2]
    SLICE_X1Y5           FDCE                                         r  timer_reg[2]/D
  -------------------------------------------------------------------    -------------------

Slack:                    inf
  Source:                 FSM_sequential_state_reg[1]/C
                            (rising edge-triggered cell FDCE)
  Destination:            FSM_sequential_state_reg[1]/D
  Path Group:             (none)
  Path Type:              Min at Fast Process Corner
  Data Path Delay:        0.391ns  (logic 0.183ns (46.799%)  route 0.208ns (53.201%))
  Logic Levels:           2  (FDCE=1 LUT3=1)

    Location             Delay type                Incr(ns)  Path(ns)    Netlist Resource(s)
  -------------------------------------------------------------------    -------------------
    SLICE_X0Y6           FDCE                         0.000     0.000 r  FSM_sequential_state_reg[1]/C
    SLICE_X0Y6           FDCE (Prop_fdce_C_Q)         0.141     0.141 r  FSM_sequential_state_reg[1]/Q
                         net (fo=10, routed)          0.208     0.349    highway_light_OBUF[2]
    SLICE_X0Y6           LUT3 (Prop_lut3_I2_O)        0.042     0.391 r  FSM_sequential_state[1]_i_1/O
                         net (fo=1, routed)           0.000     0.391    FSM_sequential_state[1]_i_1_n_0
    SLICE_X0Y6           FDCE                                         r  FSM_sequential_state_reg[1]/D
  -------------------------------------------------------------------    -------------------

Slack:                    inf
  Source:                 FSM_sequential_state_reg[0]/C
                            (rising edge-triggered cell FDCE)
  Destination:            timer_reg[3]/D
  Path Group:             (none)
  Path Type:              Min at Fast Process Corner
  Data Path Delay:        0.559ns  (logic 0.231ns (41.312%)  route 0.328ns (58.688%))
  Logic Levels:           3  (FDCE=1 LUT2=1 LUT6=1)

    Location             Delay type                Incr(ns)  Path(ns)    Netlist Resource(s)
  -------------------------------------------------------------------    -------------------
    SLICE_X1Y5           FDCE                         0.000     0.000 r  FSM_sequential_state_reg[0]/C
    SLICE_X1Y5           FDCE (Prop_fdce_C_Q)         0.141     0.141 f  FSM_sequential_state_reg[0]/Q
                         net (fo=9, routed)           0.142     0.283    state[0]
    SLICE_X0Y5           LUT2 (Prop_lut2_I1_O)        0.045     0.328 r  side_light_OBUF[0]_inst_i_1/O
                         net (fo=4, routed)           0.186     0.514    side_light_OBUF[0]
    SLICE_X1Y5           LUT6 (Prop_lut6_I4_O)        0.045     0.559 r  timer[3]_i_1/O
                         net (fo=1, routed)           0.000     0.559    timer[3]
    SLICE_X1Y5           FDCE                                         r  timer_reg[3]/D
  -------------------------------------------------------------------    -------------------

Slack:                    inf
  Source:                 timer_reg[1]/C
                            (rising edge-triggered cell FDCE)
  Destination:            timer_reg[1]/D
  Path Group:             (none)
  Path Type:              Min at Fast Process Corner
  Data Path Delay:        0.565ns  (logic 0.231ns (40.911%)  route 0.334ns (59.089%))
  Logic Levels:           3  (FDCE=1 LUT2=1 LUT6=1)

    Location             Delay type                Incr(ns)  Path(ns)    Netlist Resource(s)
  -------------------------------------------------------------------    -------------------
    SLICE_X0Y6           FDCE                         0.000     0.000 r  timer_reg[1]/C
    SLICE_X0Y6           FDCE (Prop_fdce_C_Q)         0.141     0.141 r  timer_reg[1]/Q
                         net (fo=6, routed)           0.235     0.376    timer__0[1]
    SLICE_X0Y6           LUT2 (Prop_lut2_I0_O)        0.045     0.421 f  timer[1]_i_2/O
                         net (fo=1, routed)           0.099     0.520    timer[1]_i_2_n_0
    SLICE_X0Y6           LUT6 (Prop_lut6_I5_O)        0.045     0.565 r  timer[1]_i_1/O
                         net (fo=1, routed)           0.000     0.565    timer[1]
    SLICE_X0Y6           FDCE                                         r  timer_reg[1]/D
  -------------------------------------------------------------------    -------------------

Slack:                    inf
  Source:                 reset
                            (input port)
  Destination:            FSM_sequential_state_reg[0]/CLR
  Path Group:             (none)
  Path Type:              Min at Fast Process Corner
  Data Path Delay:        0.586ns  (logic 0.174ns (29.635%)  route 0.413ns (70.365%))
  Logic Levels:           1  (IBUF=1)

    Location             Delay type                Incr(ns)  Path(ns)    Netlist Resource(s)
  -------------------------------------------------------------------    -------------------
    U15                                               0.000     0.000 f  reset (IN)
                         net (fo=0)                   0.000     0.000    reset
    U15                  IBUF (Prop_ibuf_I_O)         0.174     0.174 f  reset_IBUF_inst/O
                         net (fo=6, routed)           0.413     0.586    reset_IBUF
    SLICE_X1Y5           FDCE                                         f  FSM_sequential_state_reg[0]/CLR
  -------------------------------------------------------------------    -------------------

Slack:                    inf
  Source:                 reset
                            (input port)
  Destination:            timer_reg[2]/CLR
  Path Group:             (none)
  Path Type:              Min at Fast Process Corner
  Data Path Delay:        0.586ns  (logic 0.174ns (29.635%)  route 0.413ns (70.365%))
  Logic Levels:           1  (IBUF=1)

    Location             Delay type                Incr(ns)  Path(ns)    Netlist Resource(s)
  -------------------------------------------------------------------    -------------------
    U15                                               0.000     0.000 f  reset (IN)
                         net (fo=0)                   0.000     0.000    reset
    U15                  IBUF (Prop_ibuf_I_O)         0.174     0.174 f  reset_IBUF_inst/O
                         net (fo=6, routed)           0.413     0.586    reset_IBUF
    SLICE_X1Y5           FDCE                                         f  timer_reg[2]/CLR
  -------------------------------------------------------------------    -------------------

Slack:                    inf
  Source:                 reset
                            (input port)
  Destination:            timer_reg[3]/CLR
  Path Group:             (none)
  Path Type:              Min at Fast Process Corner
  Data Path Delay:        0.586ns  (logic 0.174ns (29.635%)  route 0.413ns (70.365%))
  Logic Levels:           1  (IBUF=1)

    Location             Delay type                Incr(ns)  Path(ns)    Netlist Resource(s)
  -------------------------------------------------------------------    -------------------
    U15                                               0.000     0.000 f  reset (IN)
                         net (fo=0)                   0.000     0.000    reset
    U15                  IBUF (Prop_ibuf_I_O)         0.174     0.174 f  reset_IBUF_inst/O
                         net (fo=6, routed)           0.413     0.586    reset_IBUF
    SLICE_X1Y5           FDCE                                         f  timer_reg[3]/CLR
  -------------------------------------------------------------------    -------------------

Slack:                    inf
  Source:                 reset
                            (input port)
  Destination:            timer_reg[0]/CLR
  Path Group:             (none)
  Path Type:              Min at Fast Process Corner
  Data Path Delay:        0.647ns  (logic 0.174ns (26.850%)  route 0.473ns (73.150%))
  Logic Levels:           1  (IBUF=1)

    Location             Delay type                Incr(ns)  Path(ns)    Netlist Resource(s)
  -------------------------------------------------------------------    -------------------
    U15                                               0.000     0.000 f  reset (IN)
                         net (fo=0)                   0.000     0.000    reset
    U15                  IBUF (Prop_ibuf_I_O)         0.174     0.174 f  reset_IBUF_inst/O
                         net (fo=6, routed)           0.473     0.647    reset_IBUF
    SLICE_X1Y6           FDCE                                         f  timer_reg[0]/CLR
  -------------------------------------------------------------------    -------------------





